// Jest Snapshot v1, https://goo.gl/fbAQLP

exports[`Pruebas en <RegisterScreen /> Debe de mostrarse correctamente 1`] = `
<form
  className="animate__animated animate__fadeIn animate__faster"
  onSubmit={[Function]}
>
  <h3
    className="auth__title"
  >
    Register
  </h3>
  <input
    autoComplete="off"
    className="auth__input"
    name="name"
    onChange={[Function]}
    placeholder="Name"
    type="text"
    value="Nicolas Test"
  />
  <input
    autoComplete="off"
    className="auth__input"
    name="email"
    onChange={[Function]}
    placeholder="Email"
    type="text"
    value="nicolas@huerta.cl"
  />
  <input
    className="auth__input"
    name="password"
    onChange={[Function]}
    placeholder="Password"
    type="password"
    value="123456"
  />
  <input
    className="auth__input"
    name="password2"
    onChange={[Function]}
    placeholder="Confirm Password"
    type="password"
    value="123456"
  />
  <button
    className="btn btn-primary btn-block mb-5"
    type="submit"
  >
    Register
  </button>
  <a
    className="link"
    href="/auth/login"
    onClick={[Function]}
  >
    Already Registered?
  </a>
</form>
`;
